ARM GAS  C:\Users\kovav\AppData\Local\Temp\ccNqMBwQ.s 			page 1


   1              		.cpu cortex-m4
   2              		.arch armv7e-m
   3              		.fpu fpv4-sp-d16
   4              		.eabi_attribute 27, 1
   5              		.eabi_attribute 28, 1
   6              		.eabi_attribute 20, 1
   7              		.eabi_attribute 21, 1
   8              		.eabi_attribute 23, 3
   9              		.eabi_attribute 24, 1
  10              		.eabi_attribute 25, 1
  11              		.eabi_attribute 26, 1
  12              		.eabi_attribute 30, 1
  13              		.eabi_attribute 34, 1
  14              		.eabi_attribute 18, 4
  15              		.file	"init.c"
  16              		.text
  17              	.Ltext0:
  18              		.cfi_sections	.debug_frame
  19              		.file 1 "Core/Src/init.c"
  20              		.section	.text.GPIO_Init,"ax",%progbits
  21              		.align	1
  22              		.global	GPIO_Init
  23              		.syntax unified
  24              		.thumb
  25              		.thumb_func
  27              	GPIO_Init:
  28              	.LFB0:
   1:Core/Src/init.c **** #include "init.h"
   2:Core/Src/init.c **** 
   3:Core/Src/init.c **** void GPIO_Init(void) {
  29              		.loc 1 3 22 view -0
  30              		.cfi_startproc
  31              		@ args = 0, pretend = 0, frame = 24
  32              		@ frame_needed = 0, uses_anonymous_args = 0
  33              		@ link register save eliminated.
  34 0000 10B4     		push	{r4}
  35              	.LCFI0:
  36              		.cfi_def_cfa_offset 4
  37              		.cfi_offset 4, -4
  38 0002 87B0     		sub	sp, sp, #28
  39              	.LCFI1:
  40              		.cfi_def_cfa_offset 32
   4:Core/Src/init.c ****     RCC_GPIO_ENF;
  41              		.loc 1 4 5 view .LVU1
  42 0004 174A     		ldr	r2, .L5
  43 0006 D2F83038 		ldr	r3, [r2, #2096]
  44 000a 43F02001 		orr	r1, r3, #32
  45 000e C2F83018 		str	r1, [r2, #2096]
   5:Core/Src/init.c ****     RCC_GPIO_ENB;
  46              		.loc 1 5 5 view .LVU2
  47 0012 43F02203 		orr	r3, r3, #34
  48 0016 C2F83038 		str	r3, [r2, #2096]
   6:Core/Src/init.c ****     GPIOF_PPUP;
  49              		.loc 1 6 5 view .LVU3
   7:Core/Src/init.c ****     GPIOB_PPUP;
  50              		.loc 1 7 5 view .LVU4
   8:Core/Src/init.c **** 
ARM GAS  C:\Users\kovav\AppData\Local\Temp\ccNqMBwQ.s 			page 2


   9:Core/Src/init.c ****     uint32_t gpio_sets[] = {GPIO_SET0, GPIO_SET1, GPIO_SET2, GPIO_SET3, GPIO_SET4, GPIO_SET5};
  51              		.loc 1 9 5 view .LVU5
  52              		.loc 1 9 14 is_stmt 0 view .LVU6
  53 001a EC46     		mov	ip, sp
  54 001c 124C     		ldr	r4, .L5+4
  55 001e 0FCC     		ldmia	r4!, {r0, r1, r2, r3}
  56 0020 ACE80F00 		stmia	ip!, {r0, r1, r2, r3}
  57 0024 94E80300 		ldm	r4, {r0, r1}
  58 0028 8CE80300 		stm	ip, {r0, r1}
  10:Core/Src/init.c ****     for (int i = 0; i < 6; i++){
  59              		.loc 1 10 5 is_stmt 1 view .LVU7
  60              	.LBB2:
  61              		.loc 1 10 10 view .LVU8
  62              	.LVL0:
  63              		.loc 1 10 14 is_stmt 0 view .LVU9
  64 002c 0022     		movs	r2, #0
  65              		.loc 1 10 5 view .LVU10
  66 002e 12E0     		b	.L2
  67              	.LVL1:
  68              	.L3:
  11:Core/Src/init.c ****         GPIOF_MODER |= gpio_sets[i];
  69              		.loc 1 11 9 is_stmt 1 view .LVU11
  70 0030 0E4B     		ldr	r3, .L5+8
  71 0032 D3F80014 		ldr	r1, [r3, #1024]
  72              		.loc 1 11 33 is_stmt 0 view .LVU12
  73 0036 06A8     		add	r0, sp, #24
  74 0038 00EB8200 		add	r0, r0, r2, lsl #2
  75              		.loc 1 11 21 view .LVU13
  76 003c 50F8184C 		ldr	r4, [r0, #-24]
  77 0040 2143     		orrs	r1, r1, r4
  78 0042 C3F80014 		str	r1, [r3, #1024]
  12:Core/Src/init.c ****         GPIOF_OSPEED |= gpio_sets[i];
  79              		.loc 1 12 9 is_stmt 1 view .LVU14
  80 0046 D3F80814 		ldr	r1, [r3, #1032]
  81              		.loc 1 12 34 is_stmt 0 view .LVU15
  82 004a 50F8180C 		ldr	r0, [r0, #-24]
  83              		.loc 1 12 22 view .LVU16
  84 004e 0143     		orrs	r1, r1, r0
  85 0050 C3F80814 		str	r1, [r3, #1032]
  10:Core/Src/init.c ****     for (int i = 0; i < 6; i++){
  86              		.loc 1 10 29 is_stmt 1 discriminator 3 view .LVU17
  87 0054 0132     		adds	r2, r2, #1
  88              	.LVL2:
  89              	.L2:
  10:Core/Src/init.c ****     for (int i = 0; i < 6; i++){
  90              		.loc 1 10 23 discriminator 1 view .LVU18
  91 0056 052A     		cmp	r2, #5
  92 0058 EADD     		ble	.L3
  93              	.LBE2:
  13:Core/Src/init.c ****     }
  14:Core/Src/init.c **** }
  94              		.loc 1 14 1 is_stmt 0 view .LVU19
  95 005a 07B0     		add	sp, sp, #28
  96              	.LCFI2:
  97              		.cfi_def_cfa_offset 4
  98              		@ sp needed
  99 005c 5DF8044B 		ldr	r4, [sp], #4
ARM GAS  C:\Users\kovav\AppData\Local\Temp\ccNqMBwQ.s 			page 3


 100              	.LCFI3:
 101              		.cfi_restore 4
 102              		.cfi_def_cfa_offset 0
 103 0060 7047     		bx	lr
 104              	.L6:
 105 0062 00BF     		.align	2
 106              	.L5:
 107 0064 00300240 		.word	1073885184
 108 0068 00000000 		.word	.LANCHOR0
 109 006c 00100240 		.word	1073876992
 110              		.cfi_endproc
 111              	.LFE0:
 113              		.section	.text.off_all_led,"ax",%progbits
 114              		.align	1
 115              		.global	off_all_led
 116              		.syntax unified
 117              		.thumb
 118              		.thumb_func
 120              	off_all_led:
 121              	.LFB1:
  15:Core/Src/init.c **** 
  16:Core/Src/init.c **** void off_all_led(void){
 122              		.loc 1 16 23 is_stmt 1 view -0
 123              		.cfi_startproc
 124              		@ args = 0, pretend = 0, frame = 0
 125              		@ frame_needed = 0, uses_anonymous_args = 0
 126              		@ link register save eliminated.
  17:Core/Src/init.c ****     GPIO |= 0x10000;  // Выкл LED0
 127              		.loc 1 17 5 view .LVU21
 128 0000 0D4A     		ldr	r2, .L8
 129 0002 D2F81834 		ldr	r3, [r2, #1048]
 130              		.loc 1 17 10 is_stmt 0 view .LVU22
 131 0006 43F48031 		orr	r1, r3, #65536
 132 000a C2F81814 		str	r1, [r2, #1048]
  18:Core/Src/init.c ****     GPIO |= 0x20000;  // Выкл LED1
 133              		.loc 1 18 5 is_stmt 1 view .LVU23
 134              		.loc 1 18 10 is_stmt 0 view .LVU24
 135 000e 43F44031 		orr	r1, r3, #196608
 136 0012 C2F81814 		str	r1, [r2, #1048]
  19:Core/Src/init.c ****     GPIO |= 0x40000;  // Выкл LED2
 137              		.loc 1 19 5 is_stmt 1 view .LVU25
 138              		.loc 1 19 10 is_stmt 0 view .LVU26
 139 0016 43F4E021 		orr	r1, r3, #458752
 140 001a C2F81814 		str	r1, [r2, #1048]
  20:Core/Src/init.c ****     GPIO |= 0x80000;  // Выкл LED3
 141              		.loc 1 20 5 is_stmt 1 view .LVU27
 142              		.loc 1 20 10 is_stmt 0 view .LVU28
 143 001e 43F47021 		orr	r1, r3, #983040
 144 0022 C2F81814 		str	r1, [r2, #1048]
  21:Core/Src/init.c ****     GPIO |= 0x100000; // Выкл LED4
 145              		.loc 1 21 5 is_stmt 1 view .LVU29
 146              		.loc 1 21 10 is_stmt 0 view .LVU30
 147 0026 43F4F811 		orr	r1, r3, #2031616
 148 002a C2F81814 		str	r1, [r2, #1048]
  22:Core/Src/init.c ****     GPIO |= 0x200000; // Выкл LED5
 149              		.loc 1 22 5 is_stmt 1 view .LVU31
 150              		.loc 1 22 10 is_stmt 0 view .LVU32
ARM GAS  C:\Users\kovav\AppData\Local\Temp\ccNqMBwQ.s 			page 4


 151 002e 43F47C13 		orr	r3, r3, #4128768
 152 0032 C2F81834 		str	r3, [r2, #1048]
  23:Core/Src/init.c **** }
 153              		.loc 1 23 1 view .LVU33
 154 0036 7047     		bx	lr
 155              	.L9:
 156              		.align	2
 157              	.L8:
 158 0038 00100240 		.word	1073876992
 159              		.cfi_endproc
 160              	.LFE1:
 162              		.section	.text.read_button,"ax",%progbits
 163              		.align	1
 164              		.global	read_button
 165              		.syntax unified
 166              		.thumb
 167              		.thumb_func
 169              	read_button:
 170              	.LVL3:
 171              	.LFB2:
  24:Core/Src/init.c **** 
  25:Core/Src/init.c **** int read_button(uint8_t button_pin){
 172              		.loc 1 25 36 is_stmt 1 view -0
 173              		.cfi_startproc
 174              		@ args = 0, pretend = 0, frame = 0
 175              		@ frame_needed = 0, uses_anonymous_args = 0
 176              		@ link register save eliminated.
  26:Core/Src/init.c ****     if (button_pin == 0) {return 0;}
 177              		.loc 1 26 5 view .LVU35
 178              		.loc 1 26 8 is_stmt 0 view .LVU36
 179 0000 00B1     		cbz	r0, .L10
  27:Core/Src/init.c ****     else {return 1;}
 180              		.loc 1 27 18 view .LVU37
 181 0002 0120     		movs	r0, #1
 182              	.LVL4:
 183              	.L10:
  28:Core/Src/init.c **** }
 184              		.loc 1 28 1 view .LVU38
 185 0004 7047     		bx	lr
 186              		.cfi_endproc
 187              	.LFE2:
 189              		.global	B2_prev
 190              		.section	.bss.B2_prev,"aw",%nobits
 191              		.align	2
 194              	B2_prev:
 195 0000 00000000 		.space	4
 196              		.global	B2
 197              		.section	.bss.B2,"aw",%nobits
 198              		.align	2
 201              	B2:
 202 0000 00000000 		.space	4
 203              		.global	B1_prev
 204              		.section	.bss.B1_prev,"aw",%nobits
 205              		.align	2
 208              	B1_prev:
 209 0000 00000000 		.space	4
 210              		.global	B1
ARM GAS  C:\Users\kovav\AppData\Local\Temp\ccNqMBwQ.s 			page 5


 211              		.section	.bss.B1,"aw",%nobits
 212              		.align	2
 215              	B1:
 216 0000 00000000 		.space	4
 217              		.section	.rodata
 218              		.align	2
 219              		.set	.LANCHOR0,. + 0
 220              	.LC0:
 221 0000 01000000 		.word	1
 222 0004 04000000 		.word	4
 223 0008 10000000 		.word	16
 224 000c 40000000 		.word	64
 225 0010 00010000 		.word	256
 226 0014 00040000 		.word	1024
 227              		.text
 228              	.Letext0:
 229              		.file 2 "C:/tools_stm/xpack-arm-none-eabi-gcc-13.2.1-1.1/arm-none-eabi/include/machine/_default_ty
 230              		.file 3 "C:/tools_stm/xpack-arm-none-eabi-gcc-13.2.1-1.1/arm-none-eabi/include/sys/_stdint.h"
 231              		.file 4 "Core/Inc/init.h"
ARM GAS  C:\Users\kovav\AppData\Local\Temp\ccNqMBwQ.s 			page 6


DEFINED SYMBOLS
                            *ABS*:00000000 init.c
C:\Users\kovav\AppData\Local\Temp\ccNqMBwQ.s:21     .text.GPIO_Init:00000000 $t
C:\Users\kovav\AppData\Local\Temp\ccNqMBwQ.s:27     .text.GPIO_Init:00000000 GPIO_Init
C:\Users\kovav\AppData\Local\Temp\ccNqMBwQ.s:107    .text.GPIO_Init:00000064 $d
C:\Users\kovav\AppData\Local\Temp\ccNqMBwQ.s:114    .text.off_all_led:00000000 $t
C:\Users\kovav\AppData\Local\Temp\ccNqMBwQ.s:120    .text.off_all_led:00000000 off_all_led
C:\Users\kovav\AppData\Local\Temp\ccNqMBwQ.s:158    .text.off_all_led:00000038 $d
C:\Users\kovav\AppData\Local\Temp\ccNqMBwQ.s:163    .text.read_button:00000000 $t
C:\Users\kovav\AppData\Local\Temp\ccNqMBwQ.s:169    .text.read_button:00000000 read_button
C:\Users\kovav\AppData\Local\Temp\ccNqMBwQ.s:194    .bss.B2_prev:00000000 B2_prev
C:\Users\kovav\AppData\Local\Temp\ccNqMBwQ.s:191    .bss.B2_prev:00000000 $d
C:\Users\kovav\AppData\Local\Temp\ccNqMBwQ.s:201    .bss.B2:00000000 B2
C:\Users\kovav\AppData\Local\Temp\ccNqMBwQ.s:198    .bss.B2:00000000 $d
C:\Users\kovav\AppData\Local\Temp\ccNqMBwQ.s:208    .bss.B1_prev:00000000 B1_prev
C:\Users\kovav\AppData\Local\Temp\ccNqMBwQ.s:205    .bss.B1_prev:00000000 $d
C:\Users\kovav\AppData\Local\Temp\ccNqMBwQ.s:215    .bss.B1:00000000 B1
C:\Users\kovav\AppData\Local\Temp\ccNqMBwQ.s:212    .bss.B1:00000000 $d
C:\Users\kovav\AppData\Local\Temp\ccNqMBwQ.s:218    .rodata:00000000 $d

NO UNDEFINED SYMBOLS
