ARM GAS  C:\Users\kovav\AppData\Local\Temp\ccmdq3fX.s 			page 1


   1              		.cpu cortex-m4
   2              		.arch armv7e-m
   3              		.fpu fpv4-sp-d16
   4              		.eabi_attribute 27, 1
   5              		.eabi_attribute 28, 1
   6              		.eabi_attribute 20, 1
   7              		.eabi_attribute 21, 1
   8              		.eabi_attribute 23, 3
   9              		.eabi_attribute 24, 1
  10              		.eabi_attribute 25, 1
  11              		.eabi_attribute 26, 1
  12              		.eabi_attribute 30, 1
  13              		.eabi_attribute 34, 1
  14              		.eabi_attribute 18, 4
  15              		.file	"init.c"
  16              		.text
  17              	.Ltext0:
  18              		.cfi_sections	.debug_frame
  19              		.file 1 "Core/Src/init.c"
  20              		.section	.text.GPIO_Init,"ax",%progbits
  21              		.align	1
  22              		.global	GPIO_Init
  23              		.syntax unified
  24              		.thumb
  25              		.thumb_func
  27              	GPIO_Init:
  28              	.LFB0:
   1:Core/Src/init.c **** #include "init.h"
   2:Core/Src/init.c **** 
   3:Core/Src/init.c **** void GPIO_Init(void) { //настройка регистров для используемых пи
  29              		.loc 1 3 22 view -0
  30              		.cfi_startproc
  31              		@ args = 0, pretend = 0, frame = 24
  32              		@ frame_needed = 0, uses_anonymous_args = 0
  33              		@ link register save eliminated.
  34 0000 10B4     		push	{r4}
  35              	.LCFI0:
  36              		.cfi_def_cfa_offset 4
  37              		.cfi_offset 4, -4
  38 0002 87B0     		sub	sp, sp, #28
  39              	.LCFI1:
  40              		.cfi_def_cfa_offset 32
   4:Core/Src/init.c ****     RCC_GPIO_ENF;
  41              		.loc 1 4 5 view .LVU1
  42 0004 174A     		ldr	r2, .L5
  43 0006 D2F83038 		ldr	r3, [r2, #2096]
  44 000a 43F02001 		orr	r1, r3, #32
  45 000e C2F83018 		str	r1, [r2, #2096]
   5:Core/Src/init.c ****     RCC_GPIO_ENB;
  46              		.loc 1 5 5 view .LVU2
  47 0012 43F02203 		orr	r3, r3, #34
  48 0016 C2F83038 		str	r3, [r2, #2096]
   6:Core/Src/init.c ****     GPIOF_PPUP;
  49              		.loc 1 6 5 view .LVU3
   7:Core/Src/init.c ****     GPIOB_PPUP;
  50              		.loc 1 7 5 view .LVU4
   8:Core/Src/init.c **** 
ARM GAS  C:\Users\kovav\AppData\Local\Temp\ccmdq3fX.s 			page 2


   9:Core/Src/init.c ****     uint32_t gpio_sets[] = {GPIO_SET0, GPIO_SET1, GPIO_SET2, GPIO_SET3, GPIO_SET4, GPIO_SET5};
  51              		.loc 1 9 5 view .LVU5
  52              		.loc 1 9 14 is_stmt 0 view .LVU6
  53 001a EC46     		mov	ip, sp
  54 001c 124C     		ldr	r4, .L5+4
  55 001e 0FCC     		ldmia	r4!, {r0, r1, r2, r3}
  56 0020 ACE80F00 		stmia	ip!, {r0, r1, r2, r3}
  57 0024 94E80300 		ldm	r4, {r0, r1}
  58 0028 8CE80300 		stm	ip, {r0, r1}
  10:Core/Src/init.c ****     for (int i = 0; i < 6; i++){
  59              		.loc 1 10 5 is_stmt 1 view .LVU7
  60              	.LBB2:
  61              		.loc 1 10 10 view .LVU8
  62              	.LVL0:
  63              		.loc 1 10 14 is_stmt 0 view .LVU9
  64 002c 0022     		movs	r2, #0
  65              		.loc 1 10 5 view .LVU10
  66 002e 12E0     		b	.L2
  67              	.LVL1:
  68              	.L3:
  11:Core/Src/init.c ****         GPIOF_MODER |= gpio_sets[i];
  69              		.loc 1 11 9 is_stmt 1 view .LVU11
  70 0030 0E4B     		ldr	r3, .L5+8
  71 0032 D3F80014 		ldr	r1, [r3, #1024]
  72              		.loc 1 11 33 is_stmt 0 view .LVU12
  73 0036 06A8     		add	r0, sp, #24
  74 0038 00EB8200 		add	r0, r0, r2, lsl #2
  75              		.loc 1 11 21 view .LVU13
  76 003c 50F8184C 		ldr	r4, [r0, #-24]
  77 0040 2143     		orrs	r1, r1, r4
  78 0042 C3F80014 		str	r1, [r3, #1024]
  12:Core/Src/init.c ****         GPIOF_OSPEED |= gpio_sets[i];
  79              		.loc 1 12 9 is_stmt 1 view .LVU14
  80 0046 D3F80814 		ldr	r1, [r3, #1032]
  81              		.loc 1 12 34 is_stmt 0 view .LVU15
  82 004a 50F8180C 		ldr	r0, [r0, #-24]
  83              		.loc 1 12 22 view .LVU16
  84 004e 0143     		orrs	r1, r1, r0
  85 0050 C3F80814 		str	r1, [r3, #1032]
  10:Core/Src/init.c ****     for (int i = 0; i < 6; i++){
  86              		.loc 1 10 29 is_stmt 1 discriminator 3 view .LVU17
  87 0054 0132     		adds	r2, r2, #1
  88              	.LVL2:
  89              	.L2:
  10:Core/Src/init.c ****     for (int i = 0; i < 6; i++){
  90              		.loc 1 10 23 discriminator 1 view .LVU18
  91 0056 052A     		cmp	r2, #5
  92 0058 EADD     		ble	.L3
  93              	.LBE2:
  13:Core/Src/init.c ****         
  14:Core/Src/init.c ****     }
  15:Core/Src/init.c **** }
  94              		.loc 1 15 1 is_stmt 0 view .LVU19
  95 005a 07B0     		add	sp, sp, #28
  96              	.LCFI2:
  97              		.cfi_def_cfa_offset 4
  98              		@ sp needed
ARM GAS  C:\Users\kovav\AppData\Local\Temp\ccmdq3fX.s 			page 3


  99 005c 5DF8044B 		ldr	r4, [sp], #4
 100              	.LCFI3:
 101              		.cfi_restore 4
 102              		.cfi_def_cfa_offset 0
 103 0060 7047     		bx	lr
 104              	.L6:
 105 0062 00BF     		.align	2
 106              	.L5:
 107 0064 00300240 		.word	1073885184
 108 0068 00000000 		.word	.LANCHOR0
 109 006c 00100240 		.word	1073876992
 110              		.cfi_endproc
 111              	.LFE0:
 113              		.section	.text.off_all_led,"ax",%progbits
 114              		.align	1
 115              		.global	off_all_led
 116              		.syntax unified
 117              		.thumb
 118              		.thumb_func
 120              	off_all_led:
 121              	.LFB1:
  16:Core/Src/init.c **** 
  17:Core/Src/init.c **** void off_all_led(void){ //выключение всех пинов
 122              		.loc 1 17 23 is_stmt 1 view -0
 123              		.cfi_startproc
 124              		@ args = 0, pretend = 0, frame = 24
 125              		@ frame_needed = 0, uses_anonymous_args = 0
 126              		@ link register save eliminated.
 127 0000 10B4     		push	{r4}
 128              	.LCFI4:
 129              		.cfi_def_cfa_offset 4
 130              		.cfi_offset 4, -4
 131 0002 87B0     		sub	sp, sp, #28
 132              	.LCFI5:
 133              		.cfi_def_cfa_offset 32
  18:Core/Src/init.c ****     uint32_t gpio_off[] = {GPIO_OFF0, GPIO_OFF1, GPIO_OFF2, GPIO_OFF3, GPIO_OFF4, GPIO_OFF5};
 134              		.loc 1 18 5 view .LVU21
 135              		.loc 1 18 14 is_stmt 0 view .LVU22
 136 0004 EC46     		mov	ip, sp
 137 0006 0E4C     		ldr	r4, .L11
 138 0008 0FCC     		ldmia	r4!, {r0, r1, r2, r3}
 139 000a ACE80F00 		stmia	ip!, {r0, r1, r2, r3}
 140 000e 94E80300 		ldm	r4, {r0, r1}
 141 0012 8CE80300 		stm	ip, {r0, r1}
  19:Core/Src/init.c ****     for (int i = 0; i < 6; i++){
 142              		.loc 1 19 5 is_stmt 1 view .LVU23
 143              	.LBB3:
 144              		.loc 1 19 10 view .LVU24
 145              	.LVL3:
 146              		.loc 1 19 14 is_stmt 0 view .LVU25
 147 0016 0023     		movs	r3, #0
 148              		.loc 1 19 5 view .LVU26
 149 0018 0BE0     		b	.L8
 150              	.LVL4:
 151              	.L9:
  20:Core/Src/init.c ****         GPIO |= gpio_off[i];
 152              		.loc 1 20 9 is_stmt 1 view .LVU27
ARM GAS  C:\Users\kovav\AppData\Local\Temp\ccmdq3fX.s 			page 4


 153 001a 0A49     		ldr	r1, .L11+4
 154 001c D1F81824 		ldr	r2, [r1, #1048]
 155              		.loc 1 20 25 is_stmt 0 view .LVU28
 156 0020 06A8     		add	r0, sp, #24
 157 0022 00EB8300 		add	r0, r0, r3, lsl #2
 158 0026 50F8180C 		ldr	r0, [r0, #-24]
 159              		.loc 1 20 14 view .LVU29
 160 002a 0243     		orrs	r2, r2, r0
 161 002c C1F81824 		str	r2, [r1, #1048]
  19:Core/Src/init.c ****     for (int i = 0; i < 6; i++){
 162              		.loc 1 19 29 is_stmt 1 discriminator 3 view .LVU30
 163 0030 0133     		adds	r3, r3, #1
 164              	.LVL5:
 165              	.L8:
  19:Core/Src/init.c ****     for (int i = 0; i < 6; i++){
 166              		.loc 1 19 23 discriminator 1 view .LVU31
 167 0032 052B     		cmp	r3, #5
 168 0034 F1DD     		ble	.L9
 169              	.LBE3:
  21:Core/Src/init.c ****         
  22:Core/Src/init.c ****     }
  23:Core/Src/init.c **** }
 170              		.loc 1 23 1 is_stmt 0 view .LVU32
 171 0036 07B0     		add	sp, sp, #28
 172              	.LCFI6:
 173              		.cfi_def_cfa_offset 4
 174              		@ sp needed
 175 0038 5DF8044B 		ldr	r4, [sp], #4
 176              	.LCFI7:
 177              		.cfi_restore 4
 178              		.cfi_def_cfa_offset 0
 179 003c 7047     		bx	lr
 180              	.L12:
 181 003e 00BF     		.align	2
 182              	.L11:
 183 0040 18000000 		.word	.LANCHOR0+24
 184 0044 00100240 		.word	1073876992
 185              		.cfi_endproc
 186              	.LFE1:
 188              		.section	.text.read_button,"ax",%progbits
 189              		.align	1
 190              		.global	read_button
 191              		.syntax unified
 192              		.thumb
 193              		.thumb_func
 195              	read_button:
 196              	.LVL6:
 197              	.LFB2:
  24:Core/Src/init.c **** 
  25:Core/Src/init.c **** int read_button(uint8_t button_pin){ // сигнал кнопки 1 или 0
 198              		.loc 1 25 36 is_stmt 1 view -0
 199              		.cfi_startproc
 200              		@ args = 0, pretend = 0, frame = 0
 201              		@ frame_needed = 0, uses_anonymous_args = 0
 202              		@ link register save eliminated.
  26:Core/Src/init.c ****     if (button_pin == 0) {return 0;}
 203              		.loc 1 26 5 view .LVU34
ARM GAS  C:\Users\kovav\AppData\Local\Temp\ccmdq3fX.s 			page 5


 204              		.loc 1 26 8 is_stmt 0 view .LVU35
 205 0000 00B1     		cbz	r0, .L13
  27:Core/Src/init.c ****     else {return 1;}
 206              		.loc 1 27 18 view .LVU36
 207 0002 0120     		movs	r0, #1
 208              	.LVL7:
 209              	.L13:
  28:Core/Src/init.c **** }
 210              		.loc 1 28 1 view .LVU37
 211 0004 7047     		bx	lr
 212              		.cfi_endproc
 213              	.LFE2:
 215              		.section	.rodata
 216              		.align	2
 217              		.set	.LANCHOR0,. + 0
 218              	.LC0:
 219 0000 01000000 		.word	1
 220 0004 04000000 		.word	4
 221 0008 10000000 		.word	16
 222 000c 40000000 		.word	64
 223 0010 00010000 		.word	256
 224 0014 00040000 		.word	1024
 225              	.LC1:
 226 0018 00000100 		.word	65536
 227 001c 00000200 		.word	131072
 228 0020 00000400 		.word	262144
 229 0024 00000800 		.word	524288
 230 0028 00001000 		.word	1048576
 231 002c 00002000 		.word	2097152
 232              		.text
 233              	.Letext0:
 234              		.file 2 "C:/tools_stm/xpack-arm-none-eabi-gcc-13.2.1-1.1/arm-none-eabi/include/machine/_default_ty
 235              		.file 3 "C:/tools_stm/xpack-arm-none-eabi-gcc-13.2.1-1.1/arm-none-eabi/include/sys/_stdint.h"
ARM GAS  C:\Users\kovav\AppData\Local\Temp\ccmdq3fX.s 			page 6


DEFINED SYMBOLS
                            *ABS*:00000000 init.c
C:\Users\kovav\AppData\Local\Temp\ccmdq3fX.s:21     .text.GPIO_Init:00000000 $t
C:\Users\kovav\AppData\Local\Temp\ccmdq3fX.s:27     .text.GPIO_Init:00000000 GPIO_Init
C:\Users\kovav\AppData\Local\Temp\ccmdq3fX.s:107    .text.GPIO_Init:00000064 $d
C:\Users\kovav\AppData\Local\Temp\ccmdq3fX.s:114    .text.off_all_led:00000000 $t
C:\Users\kovav\AppData\Local\Temp\ccmdq3fX.s:120    .text.off_all_led:00000000 off_all_led
C:\Users\kovav\AppData\Local\Temp\ccmdq3fX.s:183    .text.off_all_led:00000040 $d
C:\Users\kovav\AppData\Local\Temp\ccmdq3fX.s:189    .text.read_button:00000000 $t
C:\Users\kovav\AppData\Local\Temp\ccmdq3fX.s:195    .text.read_button:00000000 read_button
C:\Users\kovav\AppData\Local\Temp\ccmdq3fX.s:216    .rodata:00000000 $d

NO UNDEFINED SYMBOLS
