ARM GAS  C:\Users\kovav\AppData\Local\Temp\ccEFOXxt.s 			page 1


   1              		.cpu cortex-m4
   2              		.arch armv7e-m
   3              		.fpu fpv4-sp-d16
   4              		.eabi_attribute 27, 1
   5              		.eabi_attribute 28, 1
   6              		.eabi_attribute 20, 1
   7              		.eabi_attribute 21, 1
   8              		.eabi_attribute 23, 3
   9              		.eabi_attribute 24, 1
  10              		.eabi_attribute 25, 1
  11              		.eabi_attribute 26, 1
  12              		.eabi_attribute 30, 1
  13              		.eabi_attribute 34, 1
  14              		.eabi_attribute 18, 4
  15              		.file	"init.c"
  16              		.text
  17              	.Ltext0:
  18              		.cfi_sections	.debug_frame
  19              		.file 1 "Core/Src/init.c"
  20              		.section	.text.GPIO_Init,"ax",%progbits
  21              		.align	1
  22              		.global	GPIO_Init
  23              		.syntax unified
  24              		.thumb
  25              		.thumb_func
  27              	GPIO_Init:
  28              	.LFB0:
   1:Core/Src/init.c **** #include "init.h"
   2:Core/Src/init.c **** 
   3:Core/Src/init.c **** void GPIO_Init (void){
  29              		.loc 1 3 22 view -0
  30              		.cfi_startproc
  31              		@ args = 0, pretend = 0, frame = 0
  32              		@ frame_needed = 0, uses_anonymous_args = 0
  33              		@ link register save eliminated.
   4:Core/Src/init.c **** RCC_GPIO_ENF;
  34              		.loc 1 4 1 view .LVU1
  35 0000 204A     		ldr	r2, .L2
  36 0002 D2F83038 		ldr	r3, [r2, #2096]
  37 0006 43F02001 		orr	r1, r3, #32
  38 000a C2F83018 		str	r1, [r2, #2096]
   5:Core/Src/init.c **** RCC_GPIO_ENB;
  39              		.loc 1 5 1 view .LVU2
  40 000e 43F02203 		orr	r3, r3, #34
  41 0012 C2F83038 		str	r3, [r2, #2096]
   6:Core/Src/init.c **** GPIOF_PPUP;
  42              		.loc 1 6 1 view .LVU3
   7:Core/Src/init.c **** GPIOB_PPUP;
  43              		.loc 1 7 1 view .LVU4
   8:Core/Src/init.c **** 
   9:Core/Src/init.c **** GPIOF_MODER |= GPIO_SET0;
  44              		.loc 1 9 1 view .LVU5
  45 0016 1C4B     		ldr	r3, .L2+4
  46 0018 D3F80014 		ldr	r1, [r3, #1024]
  47              		.loc 1 9 13 is_stmt 0 view .LVU6
  48 001c 41F00102 		orr	r2, r1, #1
  49 0020 C3F80024 		str	r2, [r3, #1024]
ARM GAS  C:\Users\kovav\AppData\Local\Temp\ccEFOXxt.s 			page 2


  10:Core/Src/init.c **** GPIOF_OSPEED |= GPIO_SET0;
  50              		.loc 1 10 1 is_stmt 1 view .LVU7
  51 0024 D3F80824 		ldr	r2, [r3, #1032]
  52              		.loc 1 10 14 is_stmt 0 view .LVU8
  53 0028 42F00100 		orr	r0, r2, #1
  54 002c C3F80804 		str	r0, [r3, #1032]
  11:Core/Src/init.c **** 
  12:Core/Src/init.c **** GPIOF_MODER |= GPIO_SET1;
  55              		.loc 1 12 1 is_stmt 1 view .LVU9
  56              		.loc 1 12 13 is_stmt 0 view .LVU10
  57 0030 41F00500 		orr	r0, r1, #5
  58 0034 C3F80004 		str	r0, [r3, #1024]
  13:Core/Src/init.c **** GPIOF_OSPEED |= GPIO_SET1;
  59              		.loc 1 13 1 is_stmt 1 view .LVU11
  60              		.loc 1 13 14 is_stmt 0 view .LVU12
  61 0038 42F00500 		orr	r0, r2, #5
  62 003c C3F80804 		str	r0, [r3, #1032]
  14:Core/Src/init.c **** 
  15:Core/Src/init.c **** GPIOF_MODER |= GPIO_SET2;
  63              		.loc 1 15 1 is_stmt 1 view .LVU13
  64              		.loc 1 15 13 is_stmt 0 view .LVU14
  65 0040 41F01500 		orr	r0, r1, #21
  66 0044 C3F80004 		str	r0, [r3, #1024]
  16:Core/Src/init.c **** GPIOF_OSPEED |= GPIO_SET2;
  67              		.loc 1 16 1 is_stmt 1 view .LVU15
  68              		.loc 1 16 14 is_stmt 0 view .LVU16
  69 0048 42F01500 		orr	r0, r2, #21
  70 004c C3F80804 		str	r0, [r3, #1032]
  17:Core/Src/init.c **** 
  18:Core/Src/init.c **** GPIOF_MODER |= GPIO_SET3;
  71              		.loc 1 18 1 is_stmt 1 view .LVU17
  72              		.loc 1 18 13 is_stmt 0 view .LVU18
  73 0050 41F05501 		orr	r1, r1, #85
  74 0054 C3F80014 		str	r1, [r3, #1024]
  19:Core/Src/init.c **** GPIOF_OSPEED |= GPIO_SET3;
  75              		.loc 1 19 1 is_stmt 1 view .LVU19
  76              		.loc 1 19 14 is_stmt 0 view .LVU20
  77 0058 42F05502 		orr	r2, r2, #85
  78 005c C3F80824 		str	r2, [r3, #1032]
  20:Core/Src/init.c **** 
  21:Core/Src/init.c **** GPIOF_MODER |= GPIO_SET4;
  79              		.loc 1 21 1 is_stmt 1 view .LVU21
  80              		.loc 1 21 13 is_stmt 0 view .LVU22
  81 0060 41F48070 		orr	r0, r1, #256
  82 0064 C3F80004 		str	r0, [r3, #1024]
  22:Core/Src/init.c **** GPIOF_OSPEED |= GPIO_SET4;
  83              		.loc 1 22 1 is_stmt 1 view .LVU23
  84              		.loc 1 22 14 is_stmt 0 view .LVU24
  85 0068 42F48070 		orr	r0, r2, #256
  86 006c C3F80804 		str	r0, [r3, #1032]
  23:Core/Src/init.c **** 
  24:Core/Src/init.c **** GPIOF_MODER |= GPIO_SET5;
  87              		.loc 1 24 1 is_stmt 1 view .LVU25
  88              		.loc 1 24 13 is_stmt 0 view .LVU26
  89 0070 41F4A061 		orr	r1, r1, #1280
  90 0074 C3F80014 		str	r1, [r3, #1024]
  25:Core/Src/init.c **** GPIOF_OSPEED |= GPIO_SET5;
ARM GAS  C:\Users\kovav\AppData\Local\Temp\ccEFOXxt.s 			page 3


  91              		.loc 1 25 1 is_stmt 1 view .LVU27
  92              		.loc 1 25 14 is_stmt 0 view .LVU28
  93 0078 42F4A062 		orr	r2, r2, #1280
  94 007c C3F80824 		str	r2, [r3, #1032]
  26:Core/Src/init.c **** }
  95              		.loc 1 26 1 view .LVU29
  96 0080 7047     		bx	lr
  97              	.L3:
  98 0082 00BF     		.align	2
  99              	.L2:
 100 0084 00300240 		.word	1073885184
 101 0088 00100240 		.word	1073876992
 102              		.cfi_endproc
 103              	.LFE0:
 105              		.section	.text.off_all_led,"ax",%progbits
 106              		.align	1
 107              		.global	off_all_led
 108              		.syntax unified
 109              		.thumb
 110              		.thumb_func
 112              	off_all_led:
 113              	.LFB1:
  27:Core/Src/init.c **** 
  28:Core/Src/init.c **** void off_all_led(void) {
 114              		.loc 1 28 24 is_stmt 1 view -0
 115              		.cfi_startproc
 116              		@ args = 0, pretend = 0, frame = 0
 117              		@ frame_needed = 0, uses_anonymous_args = 0
 118              		@ link register save eliminated.
  29:Core/Src/init.c ****     GPIO |= 0x10000;   // Выкл LED0
 119              		.loc 1 29 5 view .LVU31
 120 0000 0D4A     		ldr	r2, .L5
 121 0002 D2F81834 		ldr	r3, [r2, #1048]
 122              		.loc 1 29 10 is_stmt 0 view .LVU32
 123 0006 43F48031 		orr	r1, r3, #65536
 124 000a C2F81814 		str	r1, [r2, #1048]
  30:Core/Src/init.c ****     GPIO |= 0x20000;   // Выкл LED1
 125              		.loc 1 30 5 is_stmt 1 view .LVU33
 126              		.loc 1 30 10 is_stmt 0 view .LVU34
 127 000e 43F44031 		orr	r1, r3, #196608
 128 0012 C2F81814 		str	r1, [r2, #1048]
  31:Core/Src/init.c ****     GPIO |= 0x40000;   // Выкл LED2
 129              		.loc 1 31 5 is_stmt 1 view .LVU35
 130              		.loc 1 31 10 is_stmt 0 view .LVU36
 131 0016 43F4E021 		orr	r1, r3, #458752
 132 001a C2F81814 		str	r1, [r2, #1048]
  32:Core/Src/init.c ****     GPIO |= 0x80000;   // Выкл LED3
 133              		.loc 1 32 5 is_stmt 1 view .LVU37
 134              		.loc 1 32 10 is_stmt 0 view .LVU38
 135 001e 43F47021 		orr	r1, r3, #983040
 136 0022 C2F81814 		str	r1, [r2, #1048]
  33:Core/Src/init.c ****     GPIO |= 0x100000;  // Выкл LED4
 137              		.loc 1 33 5 is_stmt 1 view .LVU39
 138              		.loc 1 33 10 is_stmt 0 view .LVU40
 139 0026 43F4F811 		orr	r1, r3, #2031616
 140 002a C2F81814 		str	r1, [r2, #1048]
  34:Core/Src/init.c ****     GPIO |= 0x200000;  // Выкл LED5
ARM GAS  C:\Users\kovav\AppData\Local\Temp\ccEFOXxt.s 			page 4


 141              		.loc 1 34 5 is_stmt 1 view .LVU41
 142              		.loc 1 34 10 is_stmt 0 view .LVU42
 143 002e 43F47C13 		orr	r3, r3, #4128768
 144 0032 C2F81834 		str	r3, [r2, #1048]
  35:Core/Src/init.c **** }
 145              		.loc 1 35 1 view .LVU43
 146 0036 7047     		bx	lr
 147              	.L6:
 148              		.align	2
 149              	.L5:
 150 0038 00100240 		.word	1073876992
 151              		.cfi_endproc
 152              	.LFE1:
 154              		.text
 155              	.Letext0:
 156              		.file 2 "C:/tools_stm/xpack-arm-none-eabi-gcc-13.2.1-1.1/arm-none-eabi/include/machine/_default_ty
 157              		.file 3 "C:/tools_stm/xpack-arm-none-eabi-gcc-13.2.1-1.1/arm-none-eabi/include/sys/_stdint.h"
ARM GAS  C:\Users\kovav\AppData\Local\Temp\ccEFOXxt.s 			page 5


DEFINED SYMBOLS
                            *ABS*:00000000 init.c
C:\Users\kovav\AppData\Local\Temp\ccEFOXxt.s:21     .text.GPIO_Init:00000000 $t
C:\Users\kovav\AppData\Local\Temp\ccEFOXxt.s:27     .text.GPIO_Init:00000000 GPIO_Init
C:\Users\kovav\AppData\Local\Temp\ccEFOXxt.s:100    .text.GPIO_Init:00000084 $d
C:\Users\kovav\AppData\Local\Temp\ccEFOXxt.s:106    .text.off_all_led:00000000 $t
C:\Users\kovav\AppData\Local\Temp\ccEFOXxt.s:112    .text.off_all_led:00000000 off_all_led
C:\Users\kovav\AppData\Local\Temp\ccEFOXxt.s:150    .text.off_all_led:00000038 $d

NO UNDEFINED SYMBOLS
