ARM GAS  C:\Users\kovav\AppData\Local\Temp\cc5hrNVw.s 			page 1


   1              		.cpu cortex-m4
   2              		.arch armv7e-m
   3              		.fpu fpv4-sp-d16
   4              		.eabi_attribute 27, 1
   5              		.eabi_attribute 28, 1
   6              		.eabi_attribute 20, 1
   7              		.eabi_attribute 21, 1
   8              		.eabi_attribute 23, 3
   9              		.eabi_attribute 24, 1
  10              		.eabi_attribute 25, 1
  11              		.eabi_attribute 26, 1
  12              		.eabi_attribute 30, 1
  13              		.eabi_attribute 34, 1
  14              		.eabi_attribute 18, 4
  15              		.file	"main.c"
  16              		.text
  17              	.Ltext0:
  18              		.cfi_sections	.debug_frame
  19              		.file 1 "Core/Src/main.c"
  20              		.section	.text.main,"ax",%progbits
  21              		.align	1
  22              		.global	main
  23              		.syntax unified
  24              		.thumb
  25              		.thumb_func
  27              	main:
  28              	.LFB0:
   1:Core/Src/main.c **** #include <init.h>
   2:Core/Src/main.c **** 
   3:Core/Src/main.c **** int main(void)
   4:Core/Src/main.c **** {
  29              		.loc 1 4 1 view -0
  30              		.cfi_startproc
  31              		@ Volatile: function does not return.
  32              		@ args = 0, pretend = 0, frame = 0
  33              		@ frame_needed = 0, uses_anonymous_args = 0
  34 0000 08B5     		push	{r3, lr}
  35              	.LCFI0:
  36              		.cfi_def_cfa_offset 8
  37              		.cfi_offset 3, -8
  38              		.cfi_offset 14, -4
   5:Core/Src/main.c **** 
   6:Core/Src/main.c **** GPIO_Init();
  39              		.loc 1 6 1 view .LVU1
  40 0002 FFF7FEFF 		bl	GPIO_Init
  41              	.LVL0:
  42              	.L2:
   7:Core/Src/main.c **** 
   8:Core/Src/main.c ****     while(1){
  43              		.loc 1 8 5 view .LVU2
   9:Core/Src/main.c ****         GPIO |= GPIOEN0;
  44              		.loc 1 9 9 view .LVU3
  45 0006 104A     		ldr	r2, .L4
  46 0008 D2F81834 		ldr	r3, [r2, #1048]
  47              		.loc 1 9 14 is_stmt 0 view .LVU4
  48 000c 43F00101 		orr	r1, r3, #1
  49 0010 C2F81814 		str	r1, [r2, #1048]
ARM GAS  C:\Users\kovav\AppData\Local\Temp\cc5hrNVw.s 			page 2


  10:Core/Src/main.c ****         GPIO |= GPIOEN1;
  50              		.loc 1 10 9 is_stmt 1 view .LVU5
  51              		.loc 1 10 14 is_stmt 0 view .LVU6
  52 0014 43F00301 		orr	r1, r3, #3
  53 0018 C2F81814 		str	r1, [r2, #1048]
  11:Core/Src/main.c ****         GPIO |= GPIOEN2; // включение светодиода B2
  54              		.loc 1 11 9 is_stmt 1 view .LVU7
  55              		.loc 1 11 14 is_stmt 0 view .LVU8
  56 001c 43F00701 		orr	r1, r3, #7
  57 0020 C2F81814 		str	r1, [r2, #1048]
  12:Core/Src/main.c ****         GPIO |= GPIOEN3;
  58              		.loc 1 12 9 is_stmt 1 view .LVU9
  59              		.loc 1 12 14 is_stmt 0 view .LVU10
  60 0024 43F04701 		orr	r1, r3, #71
  61 0028 C2F81814 		str	r1, [r2, #1048]
  13:Core/Src/main.c ****         GPIO |= GPIOEN4;
  62              		.loc 1 13 9 is_stmt 1 view .LVU11
  63              		.loc 1 13 14 is_stmt 0 view .LVU12
  64 002c 43F4A371 		orr	r1, r3, #326
  65 0030 41F00101 		orr	r1, r1, #1
  66 0034 C2F81814 		str	r1, [r2, #1048]
  14:Core/Src/main.c ****         GPIO |= GPIOEN5;
  67              		.loc 1 14 9 is_stmt 1 discriminator 1 view .LVU13
  68              		.loc 1 14 14 is_stmt 0 discriminator 1 view .LVU14
  69 0038 43F45173 		orr	r3, r3, #836
  70 003c 43F00303 		orr	r3, r3, #3
  71 0040 C2F81834 		str	r3, [r2, #1048]
   8:Core/Src/main.c ****         GPIO |= GPIOEN1;
  72              		.loc 1 8 10 is_stmt 1 view .LVU15
  73 0044 DFE7     		b	.L2
  74              	.L5:
  75 0046 00BF     		.align	2
  76              	.L4:
  77 0048 00000240 		.word	1073872896
  78              		.cfi_endproc
  79              	.LFE0:
  81              		.text
  82              	.Letext0:
  83              		.file 2 "C:/tools_stm/xpack-arm-none-eabi-gcc-13.2.1-1.1/arm-none-eabi/include/machine/_default_ty
  84              		.file 3 "C:/tools_stm/xpack-arm-none-eabi-gcc-13.2.1-1.1/arm-none-eabi/include/sys/_stdint.h"
  85              		.file 4 "Core/Inc/init.h"
ARM GAS  C:\Users\kovav\AppData\Local\Temp\cc5hrNVw.s 			page 3


DEFINED SYMBOLS
                            *ABS*:00000000 main.c
C:\Users\kovav\AppData\Local\Temp\cc5hrNVw.s:21     .text.main:00000000 $t
C:\Users\kovav\AppData\Local\Temp\cc5hrNVw.s:27     .text.main:00000000 main
C:\Users\kovav\AppData\Local\Temp\cc5hrNVw.s:77     .text.main:00000048 $d

UNDEFINED SYMBOLS
GPIO_Init
