ARM GAS  C:\Users\kovav\AppData\Local\Temp\ccnmYQ6r.s 			page 1


   1              		.cpu cortex-m4
   2              		.arch armv7e-m
   3              		.fpu fpv4-sp-d16
   4              		.eabi_attribute 27, 1
   5              		.eabi_attribute 28, 1
   6              		.eabi_attribute 20, 1
   7              		.eabi_attribute 21, 1
   8              		.eabi_attribute 23, 3
   9              		.eabi_attribute 24, 1
  10              		.eabi_attribute 25, 1
  11              		.eabi_attribute 26, 1
  12              		.eabi_attribute 30, 1
  13              		.eabi_attribute 34, 1
  14              		.eabi_attribute 18, 4
  15              		.file	"main.c"
  16              		.text
  17              	.Ltext0:
  18              		.cfi_sections	.debug_frame
  19              		.file 1 "Core/Src/main.c"
  20              		.section	.text.main,"ax",%progbits
  21              		.align	1
  22              		.global	main
  23              		.syntax unified
  24              		.thumb
  25              		.thumb_func
  27              	main:
  28              	.LFB0:
   1:Core/Src/main.c **** #include <init.h>
   2:Core/Src/main.c **** 
   3:Core/Src/main.c **** int B1;
   4:Core/Src/main.c **** int B1_prev;
   5:Core/Src/main.c **** int B2;
   6:Core/Src/main.c **** int B2_prev;
   7:Core/Src/main.c **** 
   8:Core/Src/main.c **** int count_B1 = 1;       // число светодиодов, горящих одновременн
   9:Core/Src/main.c **** int LED_group = 0;      // позиция группы светодиодов
  10:Core/Src/main.c **** int LED_index;          // индекс текущего светодиода
  11:Core/Src/main.c **** const int LED_num = 6;  // всего светодиодов в системе
  12:Core/Src/main.c **** 
  13:Core/Src/main.c **** int main(void)
  14:Core/Src/main.c **** {
  29              		.loc 1 14 1 view -0
  30              		.cfi_startproc
  31              		@ args = 0, pretend = 0, frame = 0
  32              		@ frame_needed = 0, uses_anonymous_args = 0
  33 0000 10B5     		push	{r4, lr}
  34              	.LCFI0:
  35              		.cfi_def_cfa_offset 8
  36              		.cfi_offset 4, -8
  37              		.cfi_offset 14, -4
  15:Core/Src/main.c **** 
  16:Core/Src/main.c ****     GPIO_Init();
  38              		.loc 1 16 5 view .LVU1
  39 0002 FFF7FEFF 		bl	GPIO_Init
  40              	.LVL0:
  17:Core/Src/main.c ****     off_all_led();
  41              		.loc 1 17 5 view .LVU2
ARM GAS  C:\Users\kovav\AppData\Local\Temp\ccnmYQ6r.s 			page 2


  42 0006 FFF7FEFF 		bl	off_all_led
  43              	.LVL1:
  18:Core/Src/main.c ****     *(uint32_t *)(0x40021400 + 0x18) |= 0x01; // включение первого
  44              		.loc 1 18 5 view .LVU3
  45 000a 544A     		ldr	r2, .L19
  46 000c D2F81834 		ldr	r3, [r2, #1048]
  47              		.loc 1 18 38 is_stmt 0 view .LVU4
  48 0010 43F00103 		orr	r3, r3, #1
  49 0014 C2F81834 		str	r3, [r2, #1048]
  50 0018 6EE0     		b	.L15
  51              	.L17:
  52              	.LBB2:
  19:Core/Src/main.c **** 
  20:Core/Src/main.c ****     while (1)
  21:Core/Src/main.c ****     {
  22:Core/Src/main.c ****         // Считывание первой кнопки
  23:Core/Src/main.c ****         B1 = read_button(GPIO_READ1);
  24:Core/Src/main.c **** 
  25:Core/Src/main.c ****         if (B1_prev == 0 && B1 == 1){
  26:Core/Src/main.c ****             count_B1++;
  53              		.loc 1 26 13 is_stmt 1 view .LVU5
  54              		.loc 1 26 21 is_stmt 0 view .LVU6
  55 001a 514A     		ldr	r2, .L19+4
  56 001c 1368     		ldr	r3, [r2]
  57 001e 0133     		adds	r3, r3, #1
  58 0020 1360     		str	r3, [r2]
  27:Core/Src/main.c ****             if (count_B1 > LED_num){
  59              		.loc 1 27 13 is_stmt 1 view .LVU7
  60              		.loc 1 27 16 is_stmt 0 view .LVU8
  61 0022 062B     		cmp	r3, #6
  62 0024 02DD     		ble	.L3
  28:Core/Src/main.c ****                 count_B1 = 1;
  63              		.loc 1 28 17 is_stmt 1 view .LVU9
  64              		.loc 1 28 26 is_stmt 0 view .LVU10
  65 0026 1346     		mov	r3, r2
  66 0028 0122     		movs	r2, #1
  67 002a 1A60     		str	r2, [r3]
  68              	.L3:
  29:Core/Src/main.c ****             }
  30:Core/Src/main.c ****             LED_group = 0;
  69              		.loc 1 30 13 is_stmt 1 view .LVU11
  70              		.loc 1 30 23 is_stmt 0 view .LVU12
  71 002c 4D4B     		ldr	r3, .L19+8
  72 002e 0022     		movs	r2, #0
  73 0030 1A60     		str	r2, [r3]
  31:Core/Src/main.c ****             off_all_led();
  74              		.loc 1 31 13 is_stmt 1 view .LVU13
  75 0032 FFF7FEFF 		bl	off_all_led
  76              	.LVL2:
  32:Core/Src/main.c **** 
  33:Core/Src/main.c ****             for (int i = 0; i < count_B1; i++){
  77              		.loc 1 33 13 view .LVU14
  78              	.LBB3:
  79              		.loc 1 33 18 view .LVU15
  80              		.loc 1 33 13 is_stmt 0 view .LVU16
  81 0036 0AE0     		b	.L4
  82              	.LVL3:
ARM GAS  C:\Users\kovav\AppData\Local\Temp\ccnmYQ6r.s 			page 3


  83              	.L5:
  34:Core/Src/main.c ****                 LED_index = i;
  84              		.loc 1 34 17 is_stmt 1 view .LVU17
  85              		.loc 1 34 27 is_stmt 0 view .LVU18
  86 0038 4B4B     		ldr	r3, .L19+12
  87 003a 1C60     		str	r4, [r3]
  35:Core/Src/main.c ****                 GPIO |= (0x01 << LED_index);
  88              		.loc 1 35 17 is_stmt 1 view .LVU19
  89 003c 4749     		ldr	r1, .L19
  90 003e D1F81834 		ldr	r3, [r1, #1048]
  91              		.loc 1 35 31 is_stmt 0 view .LVU20
  92 0042 0122     		movs	r2, #1
  93 0044 A240     		lsls	r2, r2, r4
  94              		.loc 1 35 22 view .LVU21
  95 0046 1343     		orrs	r3, r3, r2
  96 0048 C1F81834 		str	r3, [r1, #1048]
  33:Core/Src/main.c ****                 LED_index = i;
  97              		.loc 1 33 44 is_stmt 1 discriminator 3 view .LVU22
  98 004c 0134     		adds	r4, r4, #1
  99              	.LVL4:
 100              	.L4:
  33:Core/Src/main.c ****                 LED_index = i;
 101              		.loc 1 33 31 discriminator 1 view .LVU23
 102 004e 444B     		ldr	r3, .L19+4
 103 0050 1B68     		ldr	r3, [r3]
 104 0052 A342     		cmp	r3, r4
 105 0054 F0DC     		bgt	.L5
 106 0056 5DE0     		b	.L2
 107              	.LVL5:
 108              	.L18:
  33:Core/Src/main.c ****                 LED_index = i;
 109              		.loc 1 33 31 is_stmt 0 discriminator 1 view .LVU24
 110              	.LBE3:
 111              	.LBB4:
  36:Core/Src/main.c ****             }
  37:Core/Src/main.c ****         }
  38:Core/Src/main.c ****         B1_prev = B1;
  39:Core/Src/main.c **** 
  40:Core/Src/main.c ****         // Считывание второй кнопки
  41:Core/Src/main.c ****         B2 = read_button(GPIO_READ2);
  42:Core/Src/main.c **** 
  43:Core/Src/main.c ****         if (B2_prev == 0 && B2 == 1){
  44:Core/Src/main.c ****             if (count_B1 == LED_num){
  45:Core/Src/main.c ****                 static int all_leds_on = 0;
 112              		.loc 1 45 17 is_stmt 1 view .LVU25
  46:Core/Src/main.c **** 
  47:Core/Src/main.c ****                 if (all_leds_on == 0){
 113              		.loc 1 47 17 view .LVU26
 114              		.loc 1 47 33 is_stmt 0 view .LVU27
 115 0058 444B     		ldr	r3, .L19+16
 116 005a 1C68     		ldr	r4, [r3]
 117              		.loc 1 47 20 view .LVU28
 118 005c A4B9     		cbnz	r4, .L8
  48:Core/Src/main.c ****                     off_all_led();
 119              		.loc 1 48 21 is_stmt 1 view .LVU29
 120 005e FFF7FEFF 		bl	off_all_led
 121              	.LVL6:
ARM GAS  C:\Users\kovav\AppData\Local\Temp\ccnmYQ6r.s 			page 4


  49:Core/Src/main.c ****                     for (int i = 0; i < LED_num; i++){
 122              		.loc 1 49 21 view .LVU30
 123              	.LBB5:
 124              		.loc 1 49 26 view .LVU31
 125              		.loc 1 49 21 is_stmt 0 view .LVU32
 126 0062 08E0     		b	.L9
 127              	.LVL7:
 128              	.L10:
  50:Core/Src/main.c ****                         GPIO |= (0x01 << i);
 129              		.loc 1 50 25 is_stmt 1 view .LVU33
 130 0064 3D49     		ldr	r1, .L19
 131 0066 D1F81834 		ldr	r3, [r1, #1048]
 132              		.loc 1 50 39 is_stmt 0 view .LVU34
 133 006a 0122     		movs	r2, #1
 134 006c A240     		lsls	r2, r2, r4
 135              		.loc 1 50 30 view .LVU35
 136 006e 1343     		orrs	r3, r3, r2
 137 0070 C1F81834 		str	r3, [r1, #1048]
  49:Core/Src/main.c ****                     for (int i = 0; i < LED_num; i++){
 138              		.loc 1 49 51 is_stmt 1 discriminator 3 view .LVU36
 139 0074 0134     		adds	r4, r4, #1
 140              	.LVL8:
 141              	.L9:
  49:Core/Src/main.c ****                     for (int i = 0; i < LED_num; i++){
 142              		.loc 1 49 39 discriminator 1 view .LVU37
 143 0076 052C     		cmp	r4, #5
 144 0078 F4DD     		ble	.L10
 145              	.LBE5:
  51:Core/Src/main.c ****                     }
  52:Core/Src/main.c ****                     all_leds_on = 1;
 146              		.loc 1 52 21 view .LVU38
 147              		.loc 1 52 33 is_stmt 0 view .LVU39
 148 007a 3C4B     		ldr	r3, .L19+16
 149 007c 0122     		movs	r2, #1
 150 007e 1A60     		str	r2, [r3]
  53:Core/Src/main.c ****                     LED_group = 0;
 151              		.loc 1 53 21 is_stmt 1 view .LVU40
 152              		.loc 1 53 31 is_stmt 0 view .LVU41
 153 0080 384B     		ldr	r3, .L19+8
 154 0082 0022     		movs	r2, #0
 155 0084 1A60     		str	r2, [r3]
 156 0086 33E0     		b	.L6
 157              	.LVL9:
 158              	.L8:
  54:Core/Src/main.c ****                 }
  55:Core/Src/main.c ****                 else{
  56:Core/Src/main.c ****                     off_all_led();
 159              		.loc 1 56 21 is_stmt 1 view .LVU42
 160 0088 FFF7FEFF 		bl	off_all_led
 161              	.LVL10:
  57:Core/Src/main.c ****                     all_leds_on = 0;
 162              		.loc 1 57 21 view .LVU43
 163              		.loc 1 57 33 is_stmt 0 view .LVU44
 164 008c 0023     		movs	r3, #0
 165 008e 374A     		ldr	r2, .L19+16
 166 0090 1360     		str	r3, [r2]
  58:Core/Src/main.c ****                     LED_group = 0;
ARM GAS  C:\Users\kovav\AppData\Local\Temp\ccnmYQ6r.s 			page 5


 167              		.loc 1 58 21 is_stmt 1 view .LVU45
 168              		.loc 1 58 31 is_stmt 0 view .LVU46
 169 0092 344A     		ldr	r2, .L19+8
 170 0094 1360     		str	r3, [r2]
 171 0096 2BE0     		b	.L6
 172              	.LVL11:
 173              	.L13:
 174              		.loc 1 58 31 view .LVU47
 175              	.LBE4:
 176              	.LBB6:
  59:Core/Src/main.c ****                 }
  60:Core/Src/main.c ****             }
  61:Core/Src/main.c ****             else{
  62:Core/Src/main.c ****                 LED_group += count_B1;
  63:Core/Src/main.c **** 
  64:Core/Src/main.c ****                 if (LED_group >= LED_num){
  65:Core/Src/main.c ****                     off_all_led();
  66:Core/Src/main.c ****                     LED_group = 0;
  67:Core/Src/main.c **** 
  68:Core/Src/main.c ****                     for (int i = 0; i < count_B1; i++){
  69:Core/Src/main.c ****                         LED_index = i;
 177              		.loc 1 69 25 is_stmt 1 view .LVU48
 178              		.loc 1 69 35 is_stmt 0 view .LVU49
 179 0098 334B     		ldr	r3, .L19+12
 180 009a 1C60     		str	r4, [r3]
  70:Core/Src/main.c ****                         GPIO |= (0x01 << LED_index);
 181              		.loc 1 70 25 is_stmt 1 view .LVU50
 182 009c 2F49     		ldr	r1, .L19
 183 009e D1F81834 		ldr	r3, [r1, #1048]
 184              		.loc 1 70 39 is_stmt 0 view .LVU51
 185 00a2 0122     		movs	r2, #1
 186 00a4 A240     		lsls	r2, r2, r4
 187              		.loc 1 70 30 view .LVU52
 188 00a6 1343     		orrs	r3, r3, r2
 189 00a8 C1F81834 		str	r3, [r1, #1048]
  68:Core/Src/main.c ****                         LED_index = i;
 190              		.loc 1 68 52 is_stmt 1 discriminator 3 view .LVU53
 191 00ac 0134     		adds	r4, r4, #1
 192              	.LVL12:
 193              	.L12:
  68:Core/Src/main.c ****                         LED_index = i;
 194              		.loc 1 68 39 discriminator 1 view .LVU54
 195 00ae 2C4B     		ldr	r3, .L19+4
 196 00b0 1B68     		ldr	r3, [r3]
 197 00b2 A342     		cmp	r3, r4
 198 00b4 F0DC     		bgt	.L13
 199 00b6 1BE0     		b	.L6
 200              	.LVL13:
 201              	.L14:
  68:Core/Src/main.c ****                         LED_index = i;
 202              		.loc 1 68 39 is_stmt 0 discriminator 1 view .LVU55
 203              	.LBE6:
 204              	.LBB7:
  71:Core/Src/main.c ****                     }
  72:Core/Src/main.c ****                 }
  73:Core/Src/main.c ****                 else{
  74:Core/Src/main.c ****                     for (int i = 0; i < count_B1; i++){
ARM GAS  C:\Users\kovav\AppData\Local\Temp\ccnmYQ6r.s 			page 6


  75:Core/Src/main.c ****                         LED_index = (LED_group + i) % LED_num;
 205              		.loc 1 75 25 is_stmt 1 view .LVU56
 206              		.loc 1 75 48 is_stmt 0 view .LVU57
 207 00b8 2A4B     		ldr	r3, .L19+8
 208 00ba 1A68     		ldr	r2, [r3]
 209 00bc 2244     		add	r2, r2, r4
 210              		.loc 1 75 53 view .LVU58
 211 00be 2C4B     		ldr	r3, .L19+20
 212 00c0 83FB0213 		smull	r1, r3, r3, r2
 213 00c4 A3EBE273 		sub	r3, r3, r2, asr #31
 214 00c8 03EB4303 		add	r3, r3, r3, lsl #1
 215 00cc A2EB4303 		sub	r3, r2, r3, lsl #1
 216              		.loc 1 75 35 view .LVU59
 217 00d0 254A     		ldr	r2, .L19+12
 218 00d2 1360     		str	r3, [r2]
  76:Core/Src/main.c ****                         GPIO |= (0x01 << LED_index);
 219              		.loc 1 76 25 is_stmt 1 view .LVU60
 220 00d4 2148     		ldr	r0, .L19
 221 00d6 D0F81824 		ldr	r2, [r0, #1048]
 222              		.loc 1 76 39 is_stmt 0 view .LVU61
 223 00da 0121     		movs	r1, #1
 224 00dc 01FA03F3 		lsl	r3, r1, r3
 225              		.loc 1 76 30 view .LVU62
 226 00e0 1A43     		orrs	r2, r2, r3
 227 00e2 C0F81824 		str	r2, [r0, #1048]
  74:Core/Src/main.c ****                         LED_index = (LED_group + i) % LED_num;
 228              		.loc 1 74 52 is_stmt 1 discriminator 3 view .LVU63
 229 00e6 0C44     		add	r4, r4, r1
 230              	.LVL14:
 231              	.L11:
  74:Core/Src/main.c ****                         LED_index = (LED_group + i) % LED_num;
 232              		.loc 1 74 39 discriminator 1 view .LVU64
 233 00e8 1D4B     		ldr	r3, .L19+4
 234 00ea 1B68     		ldr	r3, [r3]
 235 00ec A342     		cmp	r3, r4
 236 00ee E3DC     		bgt	.L14
 237              	.LVL15:
 238              	.L6:
  74:Core/Src/main.c ****                         LED_index = (LED_group + i) % LED_num;
 239              		.loc 1 74 39 is_stmt 0 discriminator 1 view .LVU65
 240              	.LBE7:
  77:Core/Src/main.c ****                     }
  78:Core/Src/main.c ****                 }
  79:Core/Src/main.c ****             }
  80:Core/Src/main.c ****         }
  81:Core/Src/main.c ****         B2_prev = B2;
 241              		.loc 1 81 9 is_stmt 1 view .LVU66
 242              		.loc 1 81 17 is_stmt 0 view .LVU67
 243 00f0 204B     		ldr	r3, .L19+24
 244 00f2 1A68     		ldr	r2, [r3]
 245 00f4 204B     		ldr	r3, .L19+28
 246 00f6 1A60     		str	r2, [r3]
 247              	.LBE2:
  20:Core/Src/main.c ****     {
 248              		.loc 1 20 11 is_stmt 1 view .LVU68
 249              	.L15:
  20:Core/Src/main.c ****     {
ARM GAS  C:\Users\kovav\AppData\Local\Temp\ccnmYQ6r.s 			page 7


 250              		.loc 1 20 5 view .LVU69
 251              	.LBB9:
  23:Core/Src/main.c **** 
 252              		.loc 1 23 9 view .LVU70
  23:Core/Src/main.c **** 
 253              		.loc 1 23 26 is_stmt 0 view .LVU71
 254 00f8 204B     		ldr	r3, .L19+32
 255 00fa D3F81004 		ldr	r0, [r3, #1040]
  23:Core/Src/main.c **** 
 256              		.loc 1 23 14 view .LVU72
 257 00fe 00F48060 		and	r0, r0, #1024
 258 0102 FFF7FEFF 		bl	read_button
 259              	.LVL16:
  23:Core/Src/main.c **** 
 260              		.loc 1 23 12 discriminator 1 view .LVU73
 261 0106 1E4B     		ldr	r3, .L19+36
 262 0108 1860     		str	r0, [r3]
  25:Core/Src/main.c ****             count_B1++;
 263              		.loc 1 25 9 is_stmt 1 view .LVU74
  25:Core/Src/main.c ****             count_B1++;
 264              		.loc 1 25 21 is_stmt 0 view .LVU75
 265 010a 1E4B     		ldr	r3, .L19+40
 266 010c 1C68     		ldr	r4, [r3]
  25:Core/Src/main.c ****             count_B1++;
 267              		.loc 1 25 12 view .LVU76
 268 010e 0CB9     		cbnz	r4, .L2
  25:Core/Src/main.c ****             count_B1++;
 269              		.loc 1 25 26 discriminator 1 view .LVU77
 270 0110 0128     		cmp	r0, #1
 271 0112 82D0     		beq	.L17
 272              	.L2:
  38:Core/Src/main.c **** 
 273              		.loc 1 38 9 is_stmt 1 view .LVU78
  38:Core/Src/main.c **** 
 274              		.loc 1 38 17 is_stmt 0 view .LVU79
 275 0114 1A4B     		ldr	r3, .L19+36
 276 0116 1A68     		ldr	r2, [r3]
 277 0118 1A4B     		ldr	r3, .L19+40
 278 011a 1A60     		str	r2, [r3]
  41:Core/Src/main.c **** 
 279              		.loc 1 41 9 is_stmt 1 view .LVU80
  41:Core/Src/main.c **** 
 280              		.loc 1 41 26 is_stmt 0 view .LVU81
 281 011c 174B     		ldr	r3, .L19+32
 282 011e D3F81004 		ldr	r0, [r3, #1040]
  41:Core/Src/main.c **** 
 283              		.loc 1 41 14 view .LVU82
 284 0122 00F40060 		and	r0, r0, #2048
 285 0126 FFF7FEFF 		bl	read_button
 286              	.LVL17:
  41:Core/Src/main.c **** 
 287              		.loc 1 41 12 discriminator 1 view .LVU83
 288 012a 124B     		ldr	r3, .L19+24
 289 012c 1860     		str	r0, [r3]
  43:Core/Src/main.c ****             if (count_B1 == LED_num){
 290              		.loc 1 43 9 is_stmt 1 view .LVU84
  43:Core/Src/main.c ****             if (count_B1 == LED_num){
ARM GAS  C:\Users\kovav\AppData\Local\Temp\ccnmYQ6r.s 			page 8


 291              		.loc 1 43 21 is_stmt 0 view .LVU85
 292 012e 124B     		ldr	r3, .L19+28
 293 0130 1C68     		ldr	r4, [r3]
  43:Core/Src/main.c ****             if (count_B1 == LED_num){
 294              		.loc 1 43 12 view .LVU86
 295 0132 002C     		cmp	r4, #0
 296 0134 DCD1     		bne	.L6
  43:Core/Src/main.c ****             if (count_B1 == LED_num){
 297              		.loc 1 43 26 discriminator 1 view .LVU87
 298 0136 0128     		cmp	r0, #1
 299 0138 DAD1     		bne	.L6
  44:Core/Src/main.c ****                 static int all_leds_on = 0;
 300              		.loc 1 44 13 is_stmt 1 view .LVU88
  44:Core/Src/main.c ****                 static int all_leds_on = 0;
 301              		.loc 1 44 26 is_stmt 0 view .LVU89
 302 013a 094B     		ldr	r3, .L19+4
 303 013c 1B68     		ldr	r3, [r3]
  44:Core/Src/main.c ****                 static int all_leds_on = 0;
 304              		.loc 1 44 16 view .LVU90
 305 013e 062B     		cmp	r3, #6
 306 0140 8AD0     		beq	.L18
  62:Core/Src/main.c **** 
 307              		.loc 1 62 17 is_stmt 1 view .LVU91
  62:Core/Src/main.c **** 
 308              		.loc 1 62 27 is_stmt 0 view .LVU92
 309 0142 084A     		ldr	r2, .L19+8
 310 0144 1168     		ldr	r1, [r2]
 311 0146 0B44     		add	r3, r3, r1
 312 0148 1360     		str	r3, [r2]
  64:Core/Src/main.c ****                     off_all_led();
 313              		.loc 1 64 17 is_stmt 1 view .LVU93
  64:Core/Src/main.c ****                     off_all_led();
 314              		.loc 1 64 20 is_stmt 0 view .LVU94
 315 014a 052B     		cmp	r3, #5
 316 014c CCDD     		ble	.L11
  65:Core/Src/main.c ****                     LED_group = 0;
 317              		.loc 1 65 21 is_stmt 1 view .LVU95
 318 014e FFF7FEFF 		bl	off_all_led
 319              	.LVL18:
  66:Core/Src/main.c **** 
 320              		.loc 1 66 21 view .LVU96
  66:Core/Src/main.c **** 
 321              		.loc 1 66 31 is_stmt 0 view .LVU97
 322 0152 044B     		ldr	r3, .L19+8
 323 0154 0022     		movs	r2, #0
 324 0156 1A60     		str	r2, [r3]
  68:Core/Src/main.c ****                         LED_index = i;
 325              		.loc 1 68 21 is_stmt 1 view .LVU98
 326              	.LBB8:
  68:Core/Src/main.c ****                         LED_index = i;
 327              		.loc 1 68 26 view .LVU99
 328              	.LVL19:
  68:Core/Src/main.c ****                         LED_index = i;
 329              		.loc 1 68 21 is_stmt 0 view .LVU100
 330 0158 A9E7     		b	.L12
 331              	.L20:
 332 015a 00BF     		.align	2
ARM GAS  C:\Users\kovav\AppData\Local\Temp\ccnmYQ6r.s 			page 9


 333              	.L19:
 334 015c 00100240 		.word	1073876992
 335 0160 00000000 		.word	count_B1
 336 0164 00000000 		.word	LED_group
 337 0168 00000000 		.word	LED_index
 338 016c 00000000 		.word	all_leds_on.0
 339 0170 ABAAAA2A 		.word	715827883
 340 0174 00000000 		.word	B2
 341 0178 00000000 		.word	B2_prev
 342 017c 00000240 		.word	1073872896
 343 0180 00000000 		.word	B1
 344 0184 00000000 		.word	B1_prev
 345              	.LBE8:
 346              	.LBE9:
 347              		.cfi_endproc
 348              	.LFE0:
 350              		.section	.bss.all_leds_on.0,"aw",%nobits
 351              		.align	2
 354              	all_leds_on.0:
 355 0000 00000000 		.space	4
 356              		.global	LED_num
 357              		.section	.rodata.LED_num,"a"
 358              		.align	2
 361              	LED_num:
 362 0000 06000000 		.word	6
 363              		.global	LED_index
 364              		.section	.bss.LED_index,"aw",%nobits
 365              		.align	2
 368              	LED_index:
 369 0000 00000000 		.space	4
 370              		.global	LED_group
 371              		.section	.bss.LED_group,"aw",%nobits
 372              		.align	2
 375              	LED_group:
 376 0000 00000000 		.space	4
 377              		.global	count_B1
 378              		.section	.data.count_B1,"aw"
 379              		.align	2
 382              	count_B1:
 383 0000 01000000 		.word	1
 384              		.global	B2_prev
 385              		.section	.bss.B2_prev,"aw",%nobits
 386              		.align	2
 389              	B2_prev:
 390 0000 00000000 		.space	4
 391              		.global	B2
 392              		.section	.bss.B2,"aw",%nobits
 393              		.align	2
 396              	B2:
 397 0000 00000000 		.space	4
 398              		.global	B1_prev
 399              		.section	.bss.B1_prev,"aw",%nobits
 400              		.align	2
 403              	B1_prev:
 404 0000 00000000 		.space	4
 405              		.global	B1
 406              		.section	.bss.B1,"aw",%nobits
ARM GAS  C:\Users\kovav\AppData\Local\Temp\ccnmYQ6r.s 			page 10


 407              		.align	2
 410              	B1:
 411 0000 00000000 		.space	4
 412              		.text
 413              	.Letext0:
 414              		.file 2 "C:/tools_stm/xpack-arm-none-eabi-gcc-13.2.1-1.1/arm-none-eabi/include/machine/_default_ty
 415              		.file 3 "C:/tools_stm/xpack-arm-none-eabi-gcc-13.2.1-1.1/arm-none-eabi/include/sys/_stdint.h"
 416              		.file 4 "Core/Inc/init.h"
ARM GAS  C:\Users\kovav\AppData\Local\Temp\ccnmYQ6r.s 			page 11


DEFINED SYMBOLS
                            *ABS*:00000000 main.c
C:\Users\kovav\AppData\Local\Temp\ccnmYQ6r.s:21     .text.main:00000000 $t
C:\Users\kovav\AppData\Local\Temp\ccnmYQ6r.s:27     .text.main:00000000 main
C:\Users\kovav\AppData\Local\Temp\ccnmYQ6r.s:334    .text.main:0000015c $d
C:\Users\kovav\AppData\Local\Temp\ccnmYQ6r.s:382    .data.count_B1:00000000 count_B1
C:\Users\kovav\AppData\Local\Temp\ccnmYQ6r.s:375    .bss.LED_group:00000000 LED_group
C:\Users\kovav\AppData\Local\Temp\ccnmYQ6r.s:368    .bss.LED_index:00000000 LED_index
C:\Users\kovav\AppData\Local\Temp\ccnmYQ6r.s:354    .bss.all_leds_on.0:00000000 all_leds_on.0
C:\Users\kovav\AppData\Local\Temp\ccnmYQ6r.s:396    .bss.B2:00000000 B2
C:\Users\kovav\AppData\Local\Temp\ccnmYQ6r.s:389    .bss.B2_prev:00000000 B2_prev
C:\Users\kovav\AppData\Local\Temp\ccnmYQ6r.s:410    .bss.B1:00000000 B1
C:\Users\kovav\AppData\Local\Temp\ccnmYQ6r.s:403    .bss.B1_prev:00000000 B1_prev
C:\Users\kovav\AppData\Local\Temp\ccnmYQ6r.s:351    .bss.all_leds_on.0:00000000 $d
C:\Users\kovav\AppData\Local\Temp\ccnmYQ6r.s:361    .rodata.LED_num:00000000 LED_num
C:\Users\kovav\AppData\Local\Temp\ccnmYQ6r.s:358    .rodata.LED_num:00000000 $d
C:\Users\kovav\AppData\Local\Temp\ccnmYQ6r.s:365    .bss.LED_index:00000000 $d
C:\Users\kovav\AppData\Local\Temp\ccnmYQ6r.s:372    .bss.LED_group:00000000 $d
C:\Users\kovav\AppData\Local\Temp\ccnmYQ6r.s:379    .data.count_B1:00000000 $d
C:\Users\kovav\AppData\Local\Temp\ccnmYQ6r.s:386    .bss.B2_prev:00000000 $d
C:\Users\kovav\AppData\Local\Temp\ccnmYQ6r.s:393    .bss.B2:00000000 $d
C:\Users\kovav\AppData\Local\Temp\ccnmYQ6r.s:400    .bss.B1_prev:00000000 $d
C:\Users\kovav\AppData\Local\Temp\ccnmYQ6r.s:407    .bss.B1:00000000 $d

UNDEFINED SYMBOLS
GPIO_Init
off_all_led
read_button
